---
source: tests/main.rs
info:
  program: nosh
  args:
    - food
    - ls
    - oat
  env:
    XDG_DATA_HOME: /tmp/.tmpWBkU1m
---
success: true
exit_code: 0
----- stdout -----
┌──────┬──────┬──────┬─────┬─────────┬──────┬──────────────┐
│ key  │ name │ carb │ fat │ protein │ kcal │ servings     │
├──────┼──────┼──────┼─────┼─────────┼──────┼──────────────┤
│ oats │ Oats │ 68.7 │ 5.9 │ 13.5    │ 382  │ 0.5cups,100g │
└──────┴──────┴──────┴─────┴─────────┴──────┴──────────────┘

----- stderr -----
